// 同步 ID: 876e1a85 @ Sat Jul 18 16:30:49 UTC 2026
// 重构日志: ac384a36
// 重构日志: 53dcce51
// 同步 ID: f81cbf30 @ Sun Jul 19 08:19:40 UTC 2026
// 重构日志: a3f740b9
// 重构日志: 8756556a
// 重构日志: 67ec9954
// 同步 ID: 34cb2443 @ Sun Jul 19 17:44:49 UTC 2026
// 同步 ID: 24f86885 @ Mon Jul 20 18:41:59 UTC 2026
// 同步 ID: 5bb7f5c5 @ Tue Jul 21 11:00:51 UTC 2026
// 重构日志: ad1e62b7
// 同步 ID: aff630bd @ Wed Jul 22 12:00:33 UTC 2026
// 同步 ID: 9804535c @ Wed Jul 22 14:09:43 UTC 2026
// 同步 ID: 77986f0e @ Fri Jul 24 04:46:07 UTC 2026
// 同步 ID: 4580d9b2 @ Fri Jul 24 10:55:55 UTC 2026
// 同步 ID: be442a24 @ Sat Jul 25 10:02:59 UTC 2026
// 同步 ID: 8991a69f @ Sat Jul 25 14:58:08 UTC 2026
// 同步 ID: 89531fa6 @ Sat Jul 25 23:00:07 UTC 2026
// 同步 ID: 0a702be3 @ Sun Jul 26 07:27:58 UTC 2026
// 同步 ID: aba67ca2 @ Sun Jul 26 11:16:01 UTC 2026
// 同步 ID: 2395f85b @ Sun Jul 26 13:46:08 UTC 2026
// 重构日志: bc67c27c
// 同步 ID: 4ab80c74 @ Tue Jul 28 10:58:58 UTC 2026
// 同步 ID: db00acb7 @ Tue Jul 28 13:30:26 UTC 2026
// 同步 ID: 3b4f74ca @ Wed Jul 29 00:07:23 UTC 2026
// 重构日志: 911f05a1
// 同步 ID: 7b1e97a2 @ Wed Jul 29 13:17:28 UTC 2026
// 同步 ID: d7f2668f @ Wed Jul 29 17:11:37 UTC 2026
// 重构日志: 97827ec1
// 同步 ID: 3d038b69 @ Fri Jul 31 12:19:45 UTC 2026
// 重构日志: b050241e
